-------------------- Log Start | Sat May 10 04:23:53 2025 --------------------
platform: Linux-6.14.4-061404-generic-x86_64-with-glibc2.41
data_path: /home/octo/kane_data
is_default_data_path: False
config_file: /home/octo/kane_data/config/moonraker.conf
backup_config: /home/octo/kane_data/config/.moonraker.conf.bkp
startup_warnings: []
verbose: False
debug: False
asyncio_debug: False
is_backup_config: False
is_python_package: False
instance_uuid: bc035524ff81449db200b4bcf842a876
unix_socket_path: /home/octo/kane_data/comms/moonraker.sock
structured_logging: False
software_version: v0.9.3-74-g1c12414
git_branch: master
git_remote: origin
git_repo_url: https://github.com/Arksine/moonraker.git
modified_files: []
unofficial_components: []
log_file: /home/octo/kane_data/logs/moonraker.log
python_version: 3.13.3 (main, Apr  8 2025, 19:55:40) [GCC 14.2.0]
launch_args: /home/octo/moonraker-env/bin/python /home/octo/moonraker/moonraker/moonraker.py -d /home/octo/kane_data
msgspec_enabled: False
uvloop_enabled: False

#################### Moonraker Configuration ####################

[server]
host = 0.0.0.0
port = 7128
klippy_uds_address = /home/octo/kane_data/comms/klippy.sock

[authorization]
trusted_clients = 
	10.0.0.0/16
	10.0.0.0/8
	127.0.0.0/8
	169.254.0.0/16
	172.16.0.0/12
	192.168.0.0/16
	FE80::/10
	::1/128
cors_domains = 
	*.lan
	*.local
	*://localhost
	*://localhost:*
	*://rhino*
	*://*.server.internal
	*://rhino.server.internal:*
	*://rhino.server.internal
	https://10.0.0.138:*
	https://10.0.0.138

[machine]
sudo_password = 0413

[octoprint_compat]

[history]

[spoolman]
server = http://rhino:7912
sync_rate = 5

[file_manager]
enable_object_processing = True

[update_manager]
channel = dev
refresh_interval = 12
enable_system_updates = False
enable_auto_refresh = True

[update_manager mainsail]
type = web
channel = stable
repo = mainsail-crew/mainsail
path = ~/mainsail

[update_manager Klipper-Adaptive-Meshing-Purging]
type = git_repo
channel = dev
path = ~/Klipper-Adaptive-Meshing-Purging
origin = https://github.com/Bradford1040/Klipper-Adaptive-Meshing-Purging.git
managed_services = klipper
primary_branch = main

[update_manager klipper-backup]
type = git_repo
path = ~/kane_data/klipper-backup
origin = https://github.com/Bradford1040/klipper-backup.git
managed_services = moonraker
primary_branch = devel-v3.0

[update_manager Spoolman]
type = zip
channel = stable
repo = Donkie/Spoolman
path = /home/octo/Spoolman
virtualenv = .venv
requirements = requirements.txt
persistent_files = 
	.venv
	.env
managed_services = Spoolman

[update_manager klipper_tmc_autotune]
type = git_repo
channel = dev
path = ~/klipper_tmc_autotune
origin = https://github.com/Bradford1040/klipper_tmc_autotune.git
managed_services = klipper
primary_branch = master
install_script = install.sh

#################################################################
All Configuration Files:
/home/octo/kane_data/config/moonraker.conf
/home/octo/kane_data/config/secrets.conf
#################################################################
Loading Sqlite database provider. Sqlite Version: 3.46.1
Unsafe Shutdown Count: 5

System Info:

***python***
  version: (3, 13, 3, 'final', 0)
  version_string: 3.13.3 (main, Apr  8 2025, 19:55:40) [GCC 14.2.0]

***cpu_info***
  cpu_count: 8
  bits: 64bit
  processor: x86_64
  cpu_desc: Intel(R) Core(TM) i7-7820HK CPU @ 2.90GHz
  serial_number: 
  hardware_desc: 
  model: 
  total_memory: 16327400
  memory_units: kB

***sd_info***

***distribution***
  name: Rhino Linux 2025.2 (mainline)
  id: ubuntu
  version: 2025.2
  version_parts: {'major': '2025', 'minor': '2', 'build_number': ''}
  like: debian
  codename: devel
  release_info: {}
  kernel_version: 6.14.4-061404-generic

***virtualization***
  virt_type: none
  virt_identifier: none

***network***

***canbus***

***Allowed Services***
  klipper_mcu
  webcamd
  MoonCord
  KlipperScreen
  moonraker-telegram-bot
  moonraker-obico
  sonar
  crowsnest
  octoeverywhere
  ratos-configurator
  Spoolman
  klipper-backup
Module libcamera unavailable, import failed

Systemd unit moonraker-kane.service:
unit_name: moonraker-kane.service
is_default: False
manager: systemd
Properties:
**Requires=['network-online.target', 'system.slice', 'sysinit.target', 'home.mount', '-.mount']
**After=['system.slice', 'systemd-journald.socket', 'network-online.target', 'basic.target', 'sysinit.target', 'home.mount', '-.mount']
**SupplementaryGroups=['moonraker-admin']
**EnvironmentFiles=/home/octo/kane_data/systemd/moonraker.env
**ExecStart=/home/octo/moonraker-env/bin/python $MOONRAKER_ARGS
**WorkingDirectory=/home/octo/moonraker
**FragmentPath=/etc/systemd/system/moonraker-kane.service
**Description=API Server for Klipper SV1 kane
**User=octo

Systemd unit klipper-kane.service:
unit_name: klipper-kane.service
is_default: False
manager: systemd
Properties:
**Requires=['system.slice', 'home.mount', 'sysinit.target', '-.mount']
**After=['system.slice', 'sysinit.target', 'basic.target', 'systemd-journald.socket', 'home.mount', '-.mount', 'network-online.target']
**SupplementaryGroups=[]
**EnvironmentFiles=/home/octo/kane_data/systemd/klipper.env
**ExecStart=/home/octo/klippy-env/bin/python $KLIPPER_ARGS
**WorkingDirectory=/home/octo/klipper
**FragmentPath=/etc/systemd/system/klipper-kane.service
**Description=Klipper 3D Printer Firmware SV1
**User=octo
Multiple instances of Moonraker have the update manager enabled.
moonraker-pascale:b994aea97c7a4c0f92ada68092db6f56:1572
moonraker-able:cca50902716f4e06920fbddaeaff39ab:1566
moonraker-punisher:9dcc6c0e41664e1eba2a9b2fab5413d4:1576
moonraker-phenoix:3f1d3310bc824d0eaef1d8c35ed8fb8c:1573
moonraker-murphy:bb2e0d0e7ef945368e1a06b160782450:1570
moonraker-bastard:07846642785b482e8652cf586e89e670:1567
moonraker-kane:bc035524ff81449db200b4bcf842a876:1569
Connected to Spoolman Spool Manager
Git Repo moonraker: No warnings detected
Git Repo klipper: Warnings detected:
  Unofficial remote url: https://github.com/KalicoCrew/kalico
  Repo not on offical remote/branch, expected: origin/master, detected: origin/bleeding-edge-v2
  Repo has untracked source files: ['klippy/extras/autotune_tmc.py', 'klippy/extras/motor_constants.py']
Git Repo Klipper-Adaptive-Meshing-Purging: No warnings detected
Git Repo klipper-backup: No warnings detected
Git Repo klipper_tmc_autotune: No warnings detected
Klipper Version: v0.12.0-696-g9eac41f9
2025-05-10 00:23:53,643 [shell_command.py:_check_proc_success()] - Command (git -C /home/octo/moonraker status --porcelain -b) successfully finished
2025-05-10 00:23:53,647 [shell_command.py:_check_proc_success()] - Command (git -C /home/octo/moonraker branch --list --no-color) successfully finished
2025-05-10 00:23:53,653 [shell_command.py:_check_proc_success()] - Command (git -C /home/octo/moonraker remote get-url origin) successfully finished
2025-05-10 00:23:53,919 [shell_command.py:_check_proc_success()] - Command (git -C /home/octo/moonraker fetch origin --prune --progress) successfully finished
2025-05-10 00:23:53,922 [shell_command.py:_check_proc_success()] - Command (git -C /home/octo/moonraker merge-base --is-ancestor HEAD origin/master) successfully finished
2025-05-10 00:23:53,925 [shell_command.py:_check_proc_success()] - Command (git -C /home/octo/moonraker rev-parse HEAD) successfully finished
2025-05-10 00:23:53,928 [shell_command.py:_check_proc_success()] - Command (git -C /home/octo/moonraker describe --always --tags --long --dirty --abbrev=8) successfully finished
2025-05-10 00:23:53,931 [shell_command.py:_check_proc_success()] - Command (git -C /home/octo/moonraker rev-parse origin/master) successfully finished
2025-05-10 00:23:53,935 [shell_command.py:_check_proc_success()] - Command (git -C /home/octo/moonraker describe origin/master --always --tags --long --abbrev=8) successfully finished
2025-05-10 00:23:53,937 [shell_command.py:_check_proc_success()] - Command (git -C /home/octo/moonraker rev-list HEAD..1c124149720e24f52b80ce82ce906e69476b7724 --count) successfully finished
2025-05-10 00:23:53,937 [git_deploy.py:log_repo_info()] - Git Repo moonraker Detected:
Owner: Arksine
Repository Name: moonraker
Path: /home/octo/moonraker
Remote: origin
Branch: master
Remote URL: https://github.com/Arksine/moonraker.git
Recovery URL: https://github.com/Arksine/moonraker.git
Current Commit SHA: 1c124149720e24f52b80ce82ce906e69476b7724
Upstream Commit SHA: 1c124149720e24f52b80ce82ce906e69476b7724
Current Version: v0.9.3-74-g1c124149
Upstream Version: v0.9.3-74-g1c124149
Rollback Commit: 7cdcca3cb4b7caf27d511d1c4e32fa3297391709
Rollback Branch: master
Rollback Version: v0.9.3-72-g7cdcca3c
Is Dirty: False
Is Detached: False
Is Shallow: False
Commits Behind Count: 0
Diverged: False
Pinned Commit: None
2025-05-10 00:23:53,937 [base_deploy.py:log_info()] - Git Repo moonraker: Channel: dev
2025-05-10 00:23:53,937 [base_deploy.py:log_info()] - Git Repo moonraker: Validity check for git repo passed
2025-05-10 00:23:53,938 [git_deploy.py:_wait_for_lock_release()] - Git Repo klipper: Git lock file exists, 60 seconds remaining before removal.
2025-05-10 00:23:54,947 [shell_command.py:_check_proc_success()] - Command (git -C /home/octo/klipper status --porcelain -b) successfully finished
2025-05-10 00:23:54,949 [shell_command.py:_check_proc_success()] - Command (git -C /home/octo/klipper branch --list --no-color) successfully finished
2025-05-10 00:23:54,953 [shell_command.py:_check_proc_success()] - Command (git -C /home/octo/klipper remote get-url origin) successfully finished
2025-05-10 00:23:54,953 [git_deploy.py:_check_moved_origin()] - Git repo klipper: Performing moved origin check - https://github.com/kalicocrew/kalico
2025-05-10 00:23:55,496 [shell_command.py:_check_proc_success()] - Command (git -C /home/octo/klipper fetch origin --prune --progress) successfully finished
2025-05-10 00:23:55,499 [shell_command.py:_check_proc_success()] - Command (git -C /home/octo/klipper merge-base --is-ancestor HEAD origin/bleeding-edge-v2) successfully finished
2025-05-10 00:23:55,501 [shell_command.py:_check_proc_success()] - Command (git -C /home/octo/klipper rev-parse HEAD) successfully finished
2025-05-10 00:23:55,544 [shell_command.py:_check_proc_success()] - Command (git -C /home/octo/klipper describe --always --tags --long --dirty --abbrev=8) successfully finished
2025-05-10 00:23:55,546 [shell_command.py:_check_proc_success()] - Command (git -C /home/octo/klipper rev-parse origin/bleeding-edge-v2) successfully finished
2025-05-10 00:23:55,581 [shell_command.py:_check_proc_success()] - Command (git -C /home/octo/klipper describe origin/bleeding-edge-v2 --always --tags --long --abbrev=8) successfully finished
2025-05-10 00:23:55,583 [shell_command.py:_check_proc_success()] - Command (git -C /home/octo/klipper rev-list HEAD..9eac41f99ac96f01e0c74e57c64b6a4b2674c494 --count) successfully finished
2025-05-10 00:23:55,583 [git_deploy.py:log_repo_info()] - Git Repo klipper Detected:
Owner: KalicoCrew
Repository Name: kalico
Path: /home/octo/klipper
Remote: origin
Branch: bleeding-edge-v2
Remote URL: https://github.com/KalicoCrew/kalico
Recovery URL: https://github.com/KalicoCrew/kalico
Current Commit SHA: 9eac41f99ac96f01e0c74e57c64b6a4b2674c494
Upstream Commit SHA: 9eac41f99ac96f01e0c74e57c64b6a4b2674c494
Current Version: v0.12.0-696-g9eac41f9
Upstream Version: v0.12.0-696-g9eac41f9
Rollback Commit: 9eac41f99ac96f01e0c74e57c64b6a4b2674c494
Rollback Branch: bleeding-edge-v2
Rollback Version: v0.12.0-696-g9eac41f9
Is Dirty: False
Is Detached: False
Is Shallow: False
Commits Behind Count: 0
Diverged: False
Pinned Commit: None
Repo Warnings:
  Unofficial remote url: https://github.com/KalicoCrew/kalico
  Repo not on offical remote/branch, expected: origin/master, detected: origin/bleeding-edge-v2
  Repo has untracked source files: ['klippy/extras/autotune_tmc.py', 'klippy/extras/motor_constants.py']
2025-05-10 00:23:55,583 [base_deploy.py:log_info()] - Git Repo klipper: Channel: dev
2025-05-10 00:23:55,583 [base_deploy.py:log_info()] - Git Repo klipper: Validity check for git repo passed
2025-05-10 00:23:55,751 [base_deploy.py:log_info()] - Web Client mainsail: Detected
Repo: mainsail-crew/mainsail
Channel: stable
Path: /home/octo/mainsail
Local Version: v2.14.0
Remote Version: v2.14.0
Valid: True
Fallback Detected: False
Pre-release: False
Download Url: https://github.com/mainsail-crew/mainsail/releases/download/v2.14.0/mainsail.zip
Download Size: 2848929
Content Type: application/zip
Rollback Version: v2.13.2
Rollback Repo: mainsail-crew/mainsail
2025-05-10 00:23:55,761 [shell_command.py:_check_proc_success()] - Command (git -C /home/octo/Klipper-Adaptive-Meshing-Purging status --porcelain -b) successfully finished
2025-05-10 00:23:55,769 [shell_command.py:_check_proc_success()] - Command (git -C /home/octo/Klipper-Adaptive-Meshing-Purging branch --list --no-color) successfully finished
2025-05-10 00:23:55,780 [shell_command.py:_check_proc_success()] - Command (git -C /home/octo/Klipper-Adaptive-Meshing-Purging remote get-url origin) successfully finished
2025-05-10 00:23:56,155 [shell_command.py:_check_proc_success()] - Command (git -C /home/octo/Klipper-Adaptive-Meshing-Purging fetch origin --prune --progress) successfully finished
2025-05-10 00:23:56,159 [shell_command.py:_check_proc_success()] - Command (git -C /home/octo/Klipper-Adaptive-Meshing-Purging merge-base --is-ancestor HEAD origin/main) successfully finished
2025-05-10 00:23:56,161 [shell_command.py:_check_proc_success()] - Command (git -C /home/octo/Klipper-Adaptive-Meshing-Purging rev-parse HEAD) successfully finished
2025-05-10 00:23:56,169 [shell_command.py:_check_proc_success()] - Command (git -C /home/octo/Klipper-Adaptive-Meshing-Purging describe --always --tags --long --dirty --abbrev=8) successfully finished
2025-05-10 00:23:56,172 [shell_command.py:_check_proc_success()] - Command (git -C /home/octo/Klipper-Adaptive-Meshing-Purging rev-parse origin/main) successfully finished
2025-05-10 00:23:56,176 [shell_command.py:_check_proc_success()] - Command (git -C /home/octo/Klipper-Adaptive-Meshing-Purging describe origin/main --always --tags --long --abbrev=8) successfully finished
2025-05-10 00:23:56,179 [shell_command.py:_check_proc_success()] - Command (git -C /home/octo/Klipper-Adaptive-Meshing-Purging rev-list HEAD..00a076da82d73c50174ceb957035a2898ea7f495 --count) successfully finished
2025-05-10 00:23:56,180 [git_deploy.py:log_repo_info()] - Git Repo Klipper-Adaptive-Meshing-Purging Detected:
Owner: Bradford1040
Repository Name: Klipper-Adaptive-Meshing-Purging
Path: /home/octo/Klipper-Adaptive-Meshing-Purging
Remote: origin
Branch: main
Remote URL: https://github.com/Bradford1040/Klipper-Adaptive-Meshing-Purging.git
Recovery URL: https://github.com/Bradford1040/Klipper-Adaptive-Meshing-Purging.git
Current Commit SHA: 00a076da82d73c50174ceb957035a2898ea7f495
Upstream Commit SHA: 00a076da82d73c50174ceb957035a2898ea7f495
Current Version: v1.1.2-22-g00a076da
Upstream Version: v1.1.2-22-g00a076da
Rollback Commit: 00a076da82d73c50174ceb957035a2898ea7f495
Rollback Branch: main
Rollback Version: v1.1.2-22-g00a076da
Is Dirty: False
Is Detached: False
Is Shallow: False
Commits Behind Count: 0
Diverged: False
Pinned Commit: None
2025-05-10 00:23:56,180 [base_deploy.py:log_info()] - Git Repo Klipper-Adaptive-Meshing-Purging: Channel: dev
2025-05-10 00:23:56,180 [base_deploy.py:log_info()] - Git Repo Klipper-Adaptive-Meshing-Purging: Validity check for git repo passed
2025-05-10 00:23:56,184 [shell_command.py:_check_proc_success()] - Command (git -C /home/octo/kane_data/klipper-backup status --porcelain -b) successfully finished
2025-05-10 00:23:56,187 [shell_command.py:_check_proc_success()] - Command (git -C /home/octo/kane_data/klipper-backup branch --list --no-color) successfully finished
2025-05-10 00:23:56,192 [shell_command.py:_check_proc_success()] - Command (git -C /home/octo/kane_data/klipper-backup remote get-url origin) successfully finished
2025-05-10 00:23:56,510 [shell_command.py:_check_proc_success()] - Command (git -C /home/octo/kane_data/klipper-backup fetch origin --prune --progress) successfully finished
2025-05-10 00:23:56,515 [shell_command.py:_check_proc_success()] - Command (git -C /home/octo/kane_data/klipper-backup merge-base --is-ancestor HEAD origin/devel-v3.0) successfully finished
2025-05-10 00:23:56,519 [shell_command.py:_check_proc_success()] - Command (git -C /home/octo/kane_data/klipper-backup rev-parse HEAD) successfully finished
2025-05-10 00:23:56,525 [shell_command.py:_check_proc_success()] - Command (git -C /home/octo/kane_data/klipper-backup describe --always --tags --long --dirty --abbrev=8) successfully finished
2025-05-10 00:23:56,527 [shell_command.py:_check_proc_success()] - Command (git -C /home/octo/kane_data/klipper-backup rev-parse origin/devel-v3.0) successfully finished
2025-05-10 00:23:56,532 [shell_command.py:_check_proc_success()] - Command (git -C /home/octo/kane_data/klipper-backup describe origin/devel-v3.0 --always --tags --long --abbrev=8) successfully finished
2025-05-10 00:23:56,535 [shell_command.py:_check_proc_success()] - Command (git -C /home/octo/kane_data/klipper-backup rev-list HEAD..be4d9a692269f515c04d650df73c49f66c21c967 --count) successfully finished
2025-05-10 00:23:56,535 [git_deploy.py:log_repo_info()] - Git Repo klipper-backup Detected:
Owner: Bradford1040
Repository Name: klipper-backup
Path: /home/octo/kane_data/klipper-backup
Remote: origin
Branch: devel-v3.0
Remote URL: https://github.com/Bradford1040/klipper-backup.git
Recovery URL: https://github.com/Bradford1040/klipper-backup.git
Current Commit SHA: be4d9a692269f515c04d650df73c49f66c21c967
Upstream Commit SHA: be4d9a692269f515c04d650df73c49f66c21c967
Current Version: v1.3.3-65-gbe4d9a69
Upstream Version: v1.3.3-65-gbe4d9a69
Rollback Commit: ae924faa41ab8e0ab0301414eacc8321ce1934af
Rollback Branch: devel-v3.0
Rollback Version: v1.3.3-64-gae924faa
Is Dirty: False
Is Detached: False
Is Shallow: False
Commits Behind Count: 0
Diverged: False
Pinned Commit: None
2025-05-10 00:23:56,535 [base_deploy.py:log_info()] - Git Repo klipper-backup: Channel: dev
2025-05-10 00:23:56,535 [base_deploy.py:log_info()] - Git Repo klipper-backup: Validity check for git repo passed
2025-05-10 00:23:56,687 [base_deploy.py:log_info()] - Zip Application Spoolman: Detected
Repo: Donkie/Spoolman
Channel: stable
Path: /home/octo/Spoolman
Local Version: v0.22.1
Remote Version: v0.22.1
Valid: True
Fallback Detected: False
Pre-release: False
Download Url: https://github.com/Donkie/Spoolman/releases/download/v0.22.1/spoolman.zip
Download Size: 2007875
Content Type: application/zip
Rollback Version: v0.22.1
Rollback Repo: Donkie/Spoolman
2025-05-10 00:23:56,692 [shell_command.py:_check_proc_success()] - Command (git -C /home/octo/klipper_tmc_autotune status --porcelain -b) successfully finished
2025-05-10 00:23:56,696 [shell_command.py:_check_proc_success()] - Command (git -C /home/octo/klipper_tmc_autotune branch --list --no-color) successfully finished
2025-05-10 00:23:56,705 [shell_command.py:_check_proc_success()] - Command (git -C /home/octo/klipper_tmc_autotune remote get-url origin) successfully finished
2025-05-10 00:23:57,127 [shell_command.py:_check_proc_success()] - Command (git -C /home/octo/klipper_tmc_autotune fetch origin --prune --progress) successfully finished
2025-05-10 00:23:57,130 [shell_command.py:_check_proc_success()] - Command (git -C /home/octo/klipper_tmc_autotune merge-base --is-ancestor HEAD origin/master) successfully finished
2025-05-10 00:23:57,131 [shell_command.py:_check_proc_success()] - Command (git -C /home/octo/klipper_tmc_autotune rev-parse HEAD) successfully finished
2025-05-10 00:23:57,136 [shell_command.py:_check_proc_success()] - Command (git -C /home/octo/klipper_tmc_autotune describe --always --tags --long --dirty --abbrev=8) successfully finished
2025-05-10 00:23:57,138 [shell_command.py:_check_proc_success()] - Command (git -C /home/octo/klipper_tmc_autotune rev-parse origin/master) successfully finished
2025-05-10 00:23:57,142 [shell_command.py:_check_proc_success()] - Command (git -C /home/octo/klipper_tmc_autotune describe origin/master --always --tags --long --abbrev=8) successfully finished
2025-05-10 00:23:57,144 [shell_command.py:_check_proc_success()] - Command (git -C /home/octo/klipper_tmc_autotune rev-list HEAD..b84db69d4ba504a8359ccc821768d78d36dcec43 --count) successfully finished
2025-05-10 00:23:57,144 [git_deploy.py:log_repo_info()] - Git Repo klipper_tmc_autotune Detected:
Owner: Bradford1040
Repository Name: klipper_tmc_autotune
Path: /home/octo/klipper_tmc_autotune
Remote: origin
Branch: master
Remote URL: https://github.com/Bradford1040/klipper_tmc_autotune.git
Recovery URL: https://github.com/Bradford1040/klipper_tmc_autotune.git
Current Commit SHA: b84db69d4ba504a8359ccc821768d78d36dcec43
Upstream Commit SHA: b84db69d4ba504a8359ccc821768d78d36dcec43
Current Version: v0.2.0-235-gb84db69d
Upstream Version: v0.2.0-235-gb84db69d
Rollback Commit: b84db69d4ba504a8359ccc821768d78d36dcec43
Rollback Branch: master
Rollback Version: v0.2.0-235-gb84db69d
Is Dirty: False
Is Detached: False
Is Shallow: False
Commits Behind Count: 0
Diverged: False
Pinned Commit: None
2025-05-10 00:23:57,144 [base_deploy.py:log_info()] - Git Repo klipper_tmc_autotune: Channel: dev
2025-05-10 00:23:57,144 [base_deploy.py:log_info()] - Git Repo klipper_tmc_autotune: Validity check for git repo passed
2025-05-10 01:25:24,518 [websockets.py:on_close()] - Websocket Closed: ID: 130691763220112 Close Code: 1001, Close Reason: None, Pong Time Elapsed: 7.49
2025-05-10 01:25:25,795 [websockets.py:on_close()] - Websocket Closed: ID: 130691763214352 Close Code: 1001, Close Reason: None, Pong Time Elapsed: 8.75
2025-05-10 07:04:28,027 [machine.py:_find_public_ip()] - Detected Local IP: 10.0.0.138
2025-05-10 17:06:04,453 [websockets.py:on_close()] - Websocket Closed: ID: 130691763214992 Close Code: 1001, Close Reason: None, Pong Time Elapsed: 2.12
2025-05-10 17:06:05,032 [authorization.py:_check_trusted_connection()] - Trusted Connection Detected, IP: 10.0.0.190
2025-05-10 17:06:05,033 [application.py:log_request()] - 101 GET /websocket (10.0.0.190) [_TRUSTED_USER_] 1.83ms
2025-05-10 17:06:05,033 [websockets.py:open()] - Websocket Opened: ID: 130691763214672, Proxied: False, User Agent: Mozilla/5.0 (Windows NT 10.0; Win64; x64) AppleWebKit/537.36 (KHTML, like Gecko) Chrome/136.0.0.0 Safari/537.36, Host Name: rhino
2025-05-10 17:06:05,167 [file_manager.py:get_file_list()] - Updating File List <config>...
2025-05-10 17:10:07,530 [websockets.py:on_close()] - Websocket Closed: ID: 130691763214672 Close Code: None, Close Reason: None, Pong Time Elapsed: 2.49
2025-05-10 17:10:07,556 [application.py:log_request()] - 101 GET /websocket (10.0.0.190) [_TRUSTED_USER_] 1.51ms
2025-05-10 17:10:07,557 [websockets.py:open()] - Websocket Opened: ID: 130691763214992, Proxied: False, User Agent: Mozilla/5.0 (Windows NT 10.0; Win64; x64) AppleWebKit/537.36 (KHTML, like Gecko) Chrome/136.0.0.0 Safari/537.36, Host Name: rhino
2025-05-10 17:10:07,571 [file_manager.py:get_file_list()] - Updating File List <config>...
2025-05-10 17:10:09,976 [websockets.py:on_close()] - Websocket Closed: ID: 130691763214992 Close Code: None, Close Reason: None, Pong Time Elapsed: 2.42
2025-05-10 17:10:10,007 [application.py:log_request()] - 101 GET /websocket (10.0.0.190) [_TRUSTED_USER_] 1.49ms
2025-05-10 17:10:10,007 [websockets.py:open()] - Websocket Opened: ID: 130691763214672, Proxied: False, User Agent: Mozilla/5.0 (Windows NT 10.0; Win64; x64) AppleWebKit/537.36 (KHTML, like Gecko) Chrome/136.0.0.0 Safari/537.36, Host Name: rhino
2025-05-10 17:10:10,076 [file_manager.py:get_file_list()] - Updating File List <config>...
2025-05-10 17:10:25,127 [websockets.py:on_close()] - Websocket Closed: ID: 130691763214672 Close Code: None, Close Reason: None, Pong Time Elapsed: 5.11
2025-05-10 17:10:25,147 [application.py:log_request()] - 101 GET /websocket (10.0.0.190) [_TRUSTED_USER_] 0.38ms
2025-05-10 17:10:25,147 [websockets.py:open()] - Websocket Opened: ID: 130691763214992, Proxied: False, User Agent: Mozilla/5.0 (Windows NT 10.0; Win64; x64) AppleWebKit/537.36 (KHTML, like Gecko) Chrome/136.0.0.0 Safari/537.36, Host Name: rhino
2025-05-10 17:10:25,189 [file_manager.py:get_file_list()] - Updating File List <config>...
2025-05-10 17:28:15,683 [websockets.py:on_close()] - Websocket Closed: ID: 130691763214992 Close Code: None, Close Reason: None, Pong Time Elapsed: 0.52
2025-05-10 17:28:15,705 [application.py:log_request()] - 101 GET /websocket (10.0.0.190) [_TRUSTED_USER_] 1.52ms
2025-05-10 17:28:15,705 [websockets.py:open()] - Websocket Opened: ID: 130691763214672, Proxied: False, User Agent: Mozilla/5.0 (Windows NT 10.0; Win64; x64) AppleWebKit/537.36 (KHTML, like Gecko) Chrome/136.0.0.0 Safari/537.36, Host Name: rhino
2025-05-10 17:28:15,736 [file_manager.py:get_file_list()] - Updating File List <config>...
2025-05-10 17:29:31,654 [websockets.py:on_close()] - Websocket Closed: ID: 130691763214672 Close Code: None, Close Reason: None, Pong Time Elapsed: 5.94
2025-05-10 17:29:31,683 [application.py:log_request()] - 101 GET /websocket (10.0.0.190) [_TRUSTED_USER_] 1.03ms
2025-05-10 17:29:31,683 [websockets.py:open()] - Websocket Opened: ID: 130691763214992, Proxied: False, User Agent: Mozilla/5.0 (Windows NT 10.0; Win64; x64) AppleWebKit/537.36 (KHTML, like Gecko) Chrome/136.0.0.0 Safari/537.36, Host Name: rhino
2025-05-10 17:29:31,723 [file_manager.py:get_file_list()] - Updating File List <config>...
2025-05-10 17:29:52,658 [websockets.py:on_close()] - Websocket Closed: ID: 130691763214992 Close Code: None, Close Reason: None, Pong Time Elapsed: 0.97
2025-05-10 17:29:52,694 [application.py:log_request()] - 101 GET /websocket (10.0.0.190) [_TRUSTED_USER_] 1.34ms
2025-05-10 17:29:52,694 [websockets.py:open()] - Websocket Opened: ID: 130691763214672, Proxied: False, User Agent: Mozilla/5.0 (Windows NT 10.0; Win64; x64) AppleWebKit/537.36 (KHTML, like Gecko) Chrome/136.0.0.0 Safari/537.36, Host Name: rhino
2025-05-10 17:29:52,726 [file_manager.py:get_file_list()] - Updating File List <config>...
2025-05-10 17:29:52,746 [application.py:log_request()] - 101 GET /websocket (10.0.0.190) [_TRUSTED_USER_] 0.48ms
2025-05-10 17:29:52,746 [websockets.py:open()] - Websocket Opened: ID: 130691763221392, Proxied: False, User Agent: Mozilla/5.0 (Windows NT 10.0; Win64; x64) AppleWebKit/537.36 (KHTML, like Gecko) Chrome/136.0.0.0 Safari/537.36, Host Name: rhino
2025-05-10 17:29:52,762 [websockets.py:_handle_identify()] - Websocket 130691763221392 Client Identified - Name: mainsail, Version: 2.14.0, Type: web
2025-05-10 17:39:59,795 [websockets.py:on_close()] - Websocket Closed: ID: 130691763221392 Close Code: None, Close Reason: None, Pong Time Elapsed: 7.05
2025-05-10 17:39:59,842 [websockets.py:on_close()] - Websocket Closed: ID: 130691763214672 Close Code: None, Close Reason: None, Pong Time Elapsed: 7.14
2025-05-10 17:39:59,878 [application.py:log_request()] - 101 GET /websocket (10.0.0.190) [_TRUSTED_USER_] 0.54ms
2025-05-10 17:39:59,879 [websockets.py:open()] - Websocket Opened: ID: 130691763214992, Proxied: False, User Agent: Mozilla/5.0 (Windows NT 10.0; Win64; x64) AppleWebKit/537.36 (KHTML, like Gecko) Chrome/136.0.0.0 Safari/537.36, Host Name: rhino
2025-05-10 17:39:59,916 [file_manager.py:get_file_list()] - Updating File List <config>...
2025-05-10 17:49:45,846 [websockets.py:on_close()] - Websocket Closed: ID: 130691763214992 Close Code: None, Close Reason: None, Pong Time Elapsed: 5.96
2025-05-10 17:49:45,868 [application.py:log_request()] - 101 GET /websocket (10.0.0.190) [_TRUSTED_USER_] 1.18ms
2025-05-10 17:49:45,868 [websockets.py:open()] - Websocket Opened: ID: 130691763214672, Proxied: False, User Agent: Mozilla/5.0 (Windows NT 10.0; Win64; x64) AppleWebKit/537.36 (KHTML, like Gecko) Chrome/136.0.0.0 Safari/537.36, Host Name: rhino
2025-05-10 17:49:45,885 [file_manager.py:get_file_list()] - Updating File List <config>...
2025-05-10 18:53:53,736 [authorization.py:_prune_conn_handler()] - Trusted Connection Expired, IP: 10.0.0.190
2025-05-10 19:19:49,494 [websockets.py:on_close()] - Websocket Closed: ID: 130691763214672 Close Code: None, Close Reason: None, Pong Time Elapsed: 3.62
2025-05-10 19:19:49,522 [authorization.py:_check_trusted_connection()] - Trusted Connection Detected, IP: 10.0.0.190
2025-05-10 19:19:49,523 [application.py:log_request()] - 101 GET /websocket (10.0.0.190) [_TRUSTED_USER_] 1.76ms
2025-05-10 19:19:49,524 [websockets.py:open()] - Websocket Opened: ID: 130691763214992, Proxied: False, User Agent: Mozilla/5.0 (Windows NT 10.0; Win64; x64) AppleWebKit/537.36 (KHTML, like Gecko) Chrome/136.0.0.0 Safari/537.36, Host Name: rhino
2025-05-10 19:19:49,550 [file_manager.py:get_file_list()] - Updating File List <config>...
2025-05-10 19:34:22,081 [application.py:log_request()] - 101 GET /websocket (10.0.0.190) [_TRUSTED_USER_] 1.61ms
2025-05-10 19:34:22,081 [websockets.py:open()] - Websocket Opened: ID: 130691763217552, Proxied: False, User Agent: Mozilla/5.0 (Windows NT 10.0; Win64; x64) AppleWebKit/537.36 (KHTML, like Gecko) Chrome/136.0.0.0 Safari/537.36, Host Name: rhino
2025-05-10 19:34:22,218 [file_manager.py:get_file_list()] - Updating File List <config>...
2025-05-10 19:35:27,375 [websockets.py:on_close()] - Websocket Closed: ID: 130691763214992 Close Code: None, Close Reason: None, Pong Time Elapsed: 7.85
2025-05-10 19:35:27,398 [application.py:log_request()] - 101 GET /websocket (10.0.0.190) [_TRUSTED_USER_] 0.62ms
2025-05-10 19:35:27,399 [websockets.py:open()] - Websocket Opened: ID: 130691763214672, Proxied: False, User Agent: Mozilla/5.0 (Windows NT 10.0; Win64; x64) AppleWebKit/537.36 (KHTML, like Gecko) Chrome/136.0.0.0 Safari/537.36, Host Name: rhino
2025-05-10 19:35:27,432 [file_manager.py:get_file_list()] - Updating File List <config>...
2025-05-10 19:35:30,572 [websockets.py:on_close()] - Websocket Closed: ID: 130691763214672 Close Code: None, Close Reason: None, Pong Time Elapsed: 3.17
2025-05-10 19:35:30,595 [application.py:log_request()] - 101 GET /websocket (10.0.0.190) [_TRUSTED_USER_] 1.32ms
2025-05-10 19:35:30,596 [websockets.py:open()] - Websocket Opened: ID: 130691763214992, Proxied: False, User Agent: Mozilla/5.0 (Windows NT 10.0; Win64; x64) AppleWebKit/537.36 (KHTML, like Gecko) Chrome/136.0.0.0 Safari/537.36, Host Name: rhino
2025-05-10 19:35:30,631 [file_manager.py:get_file_list()] - Updating File List <config>...
2025-05-10 20:03:06,167 [websockets.py:on_close()] - Websocket Closed: ID: 130691763217552 Close Code: None, Close Reason: None, Pong Time Elapsed: 4.07
2025-05-10 20:03:06,191 [application.py:log_request()] - 101 GET /websocket (10.0.0.190) [_TRUSTED_USER_] 1.26ms
2025-05-10 20:03:06,191 [websockets.py:open()] - Websocket Opened: ID: 130691763220112, Proxied: False, User Agent: Mozilla/5.0 (Windows NT 10.0; Win64; x64) AppleWebKit/537.36 (KHTML, like Gecko) Chrome/136.0.0.0 Safari/537.36, Host Name: rhino
2025-05-10 20:03:06,207 [file_manager.py:get_file_list()] - Updating File List <config>...
